// Jest Snapshot v1, https://goo.gl/fbAQLP

exports[`CreateBoard should call \`setBoardName\`, with Valid input 1`] = `
<div>
  <div
    class="MuiFormControl-root MuiFormControl-fullWidth FormControl css-1s8w3h6-MuiFormControl-root"
  >
    <div
      class="MuiInputBase-root MuiInput-root MuiInput-underline MuiInputBase-colorPrimary Mui-focused MuiInputBase-formControl css-1j7cbzm-MuiInputBase-root-MuiInput-root"
      required=""
    >
      <input
        aria-invalid="false"
        class="MuiInputBase-input MuiInput-input css-1x51dt5-MuiInputBase-input-MuiInput-input"
        maxlength="20"
        name="board-input"
        required=""
        type="text"
        value=""
      />
    </div>
    <button
      class="MuiButtonBase-root MuiButton-root MuiButton-contained MuiButton-containedPrimary MuiButton-sizeMedium MuiButton-containedSizeMedium MuiButton-colorPrimary MuiButton-root MuiButton-contained MuiButton-containedPrimary MuiButton-sizeMedium MuiButton-containedSizeMedium MuiButton-colorPrimary css-sghohy-MuiButtonBase-root-MuiButton-root"
      tabindex="0"
      type="button"
    >
      Create Board
      <span
        class="MuiTouchRipple-root css-8je8zh-MuiTouchRipple-root"
      />
    </button>
  </div>
</div>
`;
